2026-03-17 17:11:42 [INFO] 
2026-03-17 17:11:42 [INFO] =======================================================
2026-03-17 17:11:42 [INFO]   BUSINESS LISTING SITE FINDER
2026-03-17 17:11:42 [INFO]   2026-03-17 17:11:42
2026-03-17 17:11:42 [INFO] =======================================================
2026-03-17 17:11:42 [INFO] Seed database: 210 known sites
2026-03-17 17:11:42 [INFO] Searching the web for business listing site articles...
2026-03-17 17:12:08 [INFO] Found 0 articles to scrape
2026-03-17 17:12:08 [INFO] Extracted 0 raw URLs from articles
2026-03-17 17:12:08 [INFO] Total before dedup: 210
2026-03-17 17:12:08 [INFO] Deduplication: 210 -> 206 unique sites
2026-03-17 17:12:08 [INFO] Validating 206 URLs (this may take a few minutes)...
2026-03-17 17:12:17 [INFO]   Validated 50/206...
2026-03-17 17:12:24 [INFO]   Validated 100/206...
2026-03-17 17:12:31 [INFO]   Validated 150/206...
2026-03-17 17:12:39 [INFO]   Validated 200/206...
2026-03-17 17:12:48 [INFO] Validation complete: 124 live, 82 dead/error
2026-03-17 17:12:48 [INFO] CSV saved: output\business_listing_sites.csv (206 sites)
2026-03-17 17:12:49 [INFO] Excel saved: output\business_listing_sites.xlsx (206 sites)
2026-03-17 17:12:49 [INFO] Opening: C:\Users\HP\Desktop\Backlinks Data\business_lead_generator\output\business_listing_sites.xlsx
2026-03-17 17:12:49 [INFO] 
2026-03-17 17:12:49 [INFO] =======================================================
2026-03-17 17:12:49 [INFO]   DONE! 206 business listing sites collected
2026-03-17 17:12:49 [INFO]   CSV: output\business_listing_sites.csv
2026-03-17 17:12:49 [INFO]   Excel: output\business_listing_sites.xlsx
2026-03-17 17:12:49 [INFO] =======================================================
2026-03-17 17:12:49 [INFO] 
2026-03-17 17:18:34 [INFO] 
2026-03-17 17:18:34 [INFO] =======================================================
2026-03-17 17:18:34 [INFO]   BUSINESS LISTING SITE FINDER
2026-03-17 17:18:34 [INFO]   2026-03-17 17:18:34
2026-03-17 17:18:34 [INFO] =======================================================
2026-03-17 17:18:34 [INFO] Seed database: 538 known sites
2026-03-17 17:18:34 [INFO] Searching the web for business listing site articles...
2026-03-17 17:18:34 [INFO]   Searching (1/15): free business listing sites in India 2024...
2026-03-17 17:18:39 [INFO]   Searching (2/15): top 500 business directory submission sites list...
2026-03-17 17:18:44 [INFO]   Searching (3/15): free local business listing websites India...
2026-03-17 17:18:49 [INFO]   Searching (4/15): high DA business listing sites...
2026-03-17 17:18:53 [INFO]   Searching (5/15): dofollow business directory submission sites...
2026-03-17 17:18:56 [INFO]   Searching (6/15): free classifieds sites India list...
2026-03-17 17:19:00 [INFO]   Searching (7/15): best free business directories for SEO backlinks...
2026-03-17 17:19:06 [INFO]   Searching (8/15): top Indian business listing websites free...
2026-03-17 17:19:10 [INFO]   Searching (9/15): free online business directory submission sites li...
2026-03-17 17:19:16 [INFO]   Searching (10/15): business listing sites with high domain authority...
2026-03-17 17:19:21 [INFO]   Searching (11/15): free company listing websites India...
2026-03-17 17:19:26 [INFO]   Searching (12/15): B2B listing sites India free...
2026-03-17 17:19:31 [INFO]   Searching (13/15): free directory submission sites list 2024...
2026-03-17 17:19:37 [INFO]   Searching (14/15): local SEO business listing sites India...
2026-03-17 17:19:40 [INFO]   Searching (15/15): free web directory submission sites dofollow...
2026-03-17 17:19:45 [INFO] Found 1 articles to scrape
2026-03-17 17:19:45 [INFO] Scraping article 1/1: https://developers.google.com/search/docs/crawling-indexing/sitemaps/overview...
2026-03-17 17:19:48 [INFO] Extracted 7 raw URLs from articles
2026-03-17 17:19:48 [INFO] Total before dedup: 545
2026-03-17 17:19:48 [INFO] Deduplication: 545 -> 524 unique sites
2026-03-17 17:19:48 [INFO] Validating 524 URLs (this may take a few minutes)...
2026-03-17 17:20:03 [INFO]   Validated 50/524...
2026-03-17 17:20:21 [INFO]   Validated 100/524...
2026-03-17 17:20:33 [INFO]   Validated 150/524...
2026-03-17 17:20:48 [INFO]   Validated 200/524...
2026-03-17 17:21:02 [INFO]   Validated 250/524...
2026-03-17 17:21:09 [INFO]   Validated 300/524...
2026-03-17 17:21:17 [INFO]   Validated 350/524...
2026-03-17 17:21:26 [INFO]   Validated 400/524...
2026-03-17 17:21:36 [INFO]   Validated 450/524...
2026-03-17 17:21:43 [INFO]   Validated 500/524...
2026-03-17 17:22:10 [INFO] Validation complete: 318 live, 206 dead/error
2026-03-17 17:22:10 [INFO] CSV saved: output\business_listing_sites.csv (524 sites)
