2026-03-17 16:24:46 [INFO] 
2026-03-17 16:24:46 [INFO] =======================================================
2026-03-17 16:24:46 [INFO]   SCRAPING: Restaurants in Jaipur
2026-03-17 16:24:46 [INFO]   Time: 2026-03-17 16:24:46
2026-03-17 16:24:46 [INFO] =======================================================
2026-03-17 16:24:46 [INFO] Scraping started...
2026-03-17 16:24:46 [INFO] Target URL: https://www.justdial.com/Jaipur/Restaurants
2026-03-17 16:24:47 [INFO] Using Playwright (JavaScript-rendered scraping)...
2026-03-17 16:24:50 [INFO] Navigating to page...
2026-03-17 16:24:53 [ERROR] Playwright page navigation error: Page.goto: net::ERR_HTTP2_PROTOCOL_ERROR at https://www.justdial.com/Jaipur/Restaurants
Call log:
  - navigating to "https://www.justdial.com/Jaipur/Restaurants", waiting until "domcontentloaded"

2026-03-17 16:24:53 [WARNING] Playwright returned 0 records. Trying requests fallback...
2026-03-17 16:24:53 [INFO] Using requests + BeautifulSoup...
2026-03-17 16:24:53 [INFO] Fetching (attempt 1/3): https://www.justdial.com/Jaipur/Restaurants
2026-03-17 16:24:55 [INFO] requests: Extracted 10 records
2026-03-17 16:24:55 [INFO] 10 raw records found
2026-03-17 16:24:55 [INFO] Cleaning and normalizing records...
2026-03-17 16:24:55 [INFO] Cleaning: 10 raw -> 10 with valid names
2026-03-17 16:24:55 [INFO] 10 records after cleaning and deduplication
2026-03-17 16:24:55 [INFO] Backup created: output\business_leads_backup.csv (10 records)
2026-03-17 16:24:55 [INFO] Uploading to Google Sheets...
2026-03-17 16:24:55 [ERROR] 
[ERROR] 'credentials.json' not found!
Please follow the Google Sheets setup instructions in README.md
to create and download your service account credentials.

2026-03-17 16:24:55 [INFO] Your data was saved locally: output\business_leads_backup.csv
2026-03-17 16:24:55 [INFO] 
2026-03-17 16:24:55 [INFO] =======================================================
2026-03-17 16:24:55 [INFO]   DONE! 10 total records processed
2026-03-17 16:24:55 [INFO]   CSV backup: output\business_leads_backup.csv
2026-03-17 16:24:55 [INFO] =======================================================
2026-03-17 16:24:55 [INFO] 
2026-03-17 16:45:41 [INFO] 
2026-03-17 16:45:41 [INFO] =======================================================
2026-03-17 16:45:41 [INFO]   SCRAPING: Restaurants in Jaipur
2026-03-17 16:45:41 [INFO]   Time: 2026-03-17 16:45:41
2026-03-17 16:45:41 [INFO] =======================================================
2026-03-17 16:45:41 [INFO] Scraping started...
2026-03-17 16:45:41 [INFO] Target URL: https://www.justdial.com/Jaipur/Restaurants
2026-03-17 16:45:41 [INFO] Using Playwright (JavaScript-rendered scraping)...
2026-03-17 16:45:42 [INFO] Navigating to page...
2026-03-17 16:46:12 [ERROR] Playwright page navigation error: Page.goto: Timeout 30000ms exceeded.
Call log:
  - navigating to "https://www.justdial.com/Jaipur/Restaurants", waiting until "domcontentloaded"

2026-03-17 16:46:13 [WARNING] Playwright returned 0 records. Trying requests fallback...
2026-03-17 16:46:13 [INFO] Using requests + BeautifulSoup...
2026-03-17 16:46:13 [INFO] Fetching (attempt 1/3): https://www.justdial.com/Jaipur/Restaurants
2026-03-17 16:46:14 [INFO] requests: Extracted 10 records
2026-03-17 16:46:14 [INFO] 10 raw records found
2026-03-17 16:46:14 [INFO] Cleaning and normalizing records...
2026-03-17 16:46:14 [INFO] Cleaning: 10 raw -> 10 with valid names
2026-03-17 16:46:14 [INFO] 10 records after cleaning and deduplication
2026-03-17 16:46:14 [INFO] Applying quality filter (rating >= 4.0, phone required)...
2026-03-17 16:46:14 [INFO] Quality filter: 10 -> 7 records kept
2026-03-17 16:46:14 [INFO] 7 high-quality leads remain
2026-03-17 16:46:15 [INFO] Backup updated: output\business_leads_backup.csv (17 total records)
2026-03-17 16:46:15 [INFO] Uploading to Google Sheets...
2026-03-17 16:46:15 [ERROR] 
[ERROR] 'credentials.json' not found!
Please follow the Google Sheets setup instructions in README.md
to create and download your service account credentials.

2026-03-17 16:46:15 [INFO] Your data was saved locally: output\business_leads_backup.csv
2026-03-17 16:46:15 [INFO] 
2026-03-17 16:46:15 [INFO] =======================================================
2026-03-17 16:46:15 [INFO]   DONE! 7 total records processed
2026-03-17 16:46:15 [INFO]   CSV backup: output\business_leads_backup.csv
2026-03-17 16:46:15 [INFO] =======================================================
2026-03-17 16:46:15 [INFO] 
2026-03-17 17:01:37 [INFO] 
2026-03-17 17:01:37 [INFO] =======================================================
2026-03-17 17:01:37 [INFO]   SCRAPING: Restaurants in Jaipur
2026-03-17 17:01:37 [INFO]   Time: 2026-03-17 17:01:37
2026-03-17 17:01:37 [INFO] =======================================================
2026-03-17 17:01:37 [INFO] Scraping started...
2026-03-17 17:01:37 [INFO] Target URL: https://www.justdial.com/Jaipur/Restaurants
2026-03-17 17:01:37 [INFO] Using Playwright (JavaScript-rendered scraping)...
2026-03-17 17:01:39 [INFO] Navigating to page...
2026-03-17 17:02:09 [ERROR] Playwright page navigation error: Page.goto: Timeout 30000ms exceeded.
Call log:
  - navigating to "https://www.justdial.com/Jaipur/Restaurants", waiting until "domcontentloaded"

2026-03-17 17:02:09 [WARNING] Playwright returned 0 records. Trying requests fallback...
2026-03-17 17:02:09 [INFO] Using requests + BeautifulSoup...
2026-03-17 17:02:09 [INFO] Fetching (attempt 1/3): https://www.justdial.com/Jaipur/Restaurants
2026-03-17 17:02:11 [INFO] requests: Extracted 10 records
2026-03-17 17:02:11 [INFO] 10 raw records found
2026-03-17 17:02:11 [INFO] Cleaning and normalizing records...
2026-03-17 17:02:11 [INFO] Cleaning: 10 raw -> 10 with valid names
2026-03-17 17:02:11 [INFO] 10 records after cleaning and deduplication
2026-03-17 17:02:11 [INFO] Applying quality filter (rating >= 4.0, phone required)...
2026-03-17 17:02:11 [INFO] Quality filter: 10 -> 8 records kept
2026-03-17 17:02:11 [INFO] 8 high-quality leads remain
2026-03-17 17:02:11 [INFO] Backup updated: output\business_leads_backup.csv (25 total records)
2026-03-17 17:02:12 [INFO] Excel created: output\business_leads_backup.xlsx (8 records)
2026-03-17 17:02:12 [INFO] Google Sheets: skipped (no credentials.json found)
2026-03-17 17:02:12 [INFO] Tip: Add credentials.json to enable automatic Sheets upload
2026-03-17 17:02:12 [INFO] Opening: C:\Users\HP\Desktop\Backlinks Data\business_lead_generator\output\business_leads_backup.xlsx
2026-03-17 17:02:12 [INFO] 
2026-03-17 17:02:12 [INFO] =======================================================
2026-03-17 17:02:12 [INFO]   DONE! 8 total records processed
2026-03-17 17:02:12 [INFO]   CSV: output\business_leads_backup.csv
2026-03-17 17:02:12 [INFO]   Excel: output\business_leads_backup.xlsx
2026-03-17 17:02:12 [INFO] =======================================================
2026-03-17 17:02:12 [INFO] 
2026-03-18 13:51:22 [INFO] 
2026-03-18 13:51:22 [INFO] =======================================================
2026-03-18 13:51:22 [INFO]   SCRAPING: Restaurants in Jaipur
2026-03-18 13:51:22 [INFO]   Time: 2026-03-18 13:51:22
2026-03-18 13:51:22 [INFO] =======================================================
2026-03-18 13:51:22 [INFO] Scraping started...
2026-03-18 13:51:22 [INFO] Target URL: https://www.justdial.com/Jaipur/Restaurants
2026-03-18 13:51:22 [INFO] Using Playwright (JavaScript-rendered scraping)...
2026-03-18 13:51:33 [INFO] Navigating to page...
2026-03-18 13:52:03 [ERROR] Playwright page navigation error: Page.goto: Timeout 30000ms exceeded.
Call log:
  - navigating to "https://www.justdial.com/Jaipur/Restaurants", waiting until "domcontentloaded"

2026-03-18 13:52:03 [WARNING] Playwright returned 0 records. Trying requests fallback...
2026-03-18 13:52:03 [INFO] Using requests + BeautifulSoup...
2026-03-18 13:52:03 [INFO] Fetching (attempt 1/3): https://www.justdial.com/Jaipur/Restaurants
2026-03-18 13:52:05 [INFO] requests: Extracted 10 records
2026-03-18 13:52:05 [INFO] 10 raw records found
2026-03-18 13:52:05 [INFO] Cleaning and normalizing records...
2026-03-18 13:52:05 [INFO] Cleaning: 10 raw -> 10 with valid names
2026-03-18 13:52:05 [INFO] 10 records after cleaning and deduplication
2026-03-18 13:52:05 [INFO] Backup updated: output\business_leads_backup.csv (35 total records)
2026-03-18 13:52:05 [INFO] Google Sheets: skipped (no credentials.json found)
2026-03-18 13:52:05 [INFO] Tip: Add credentials.json to enable automatic Sheets upload
2026-03-18 13:52:05 [INFO] 
2026-03-18 13:52:05 [INFO] =======================================================
2026-03-18 13:52:05 [INFO]   DONE! 10 total records processed
2026-03-18 13:52:05 [INFO]   CSV: output\business_leads_backup.csv
2026-03-18 13:52:05 [INFO] =======================================================
2026-03-18 13:52:05 [INFO] 
2026-03-18 13:55:46 [INFO] 
2026-03-18 13:55:46 [INFO] =======================================================
2026-03-18 13:55:46 [INFO]   SCRAPING: Restaurants in Jaipur
2026-03-18 13:55:46 [INFO]   Time: 2026-03-18 13:55:46
2026-03-18 13:55:46 [INFO] =======================================================
2026-03-18 13:55:46 [INFO] Scraping started...
2026-03-18 13:55:46 [INFO] Target URL: https://www.justdial.com/Jaipur/Restaurants
2026-03-18 13:55:46 [INFO] Using Playwright (JavaScript-rendered scraping)...
2026-03-18 13:55:47 [INFO] Launched firefox browser
2026-03-18 13:55:49 [INFO] Navigating to page...
2026-03-18 13:55:50 [INFO] Listings detected in DOM
2026-03-18 13:55:58 [INFO] Scroll 1/10: +10 new | 10 total
2026-03-18 13:56:01 [INFO] Scroll 2/10: +0 new | 10 total
2026-03-18 13:56:03 [INFO] Page height unchanged - reached end of content
2026-03-18 13:56:04 [INFO] Playwright found 10 records
2026-03-18 13:56:04 [INFO] 10 raw records found
2026-03-18 13:56:04 [INFO] Cleaning and normalizing records...
2026-03-18 13:56:04 [INFO] Cleaning: 10 raw -> 10 with valid names
2026-03-18 13:56:04 [INFO] 10 records after cleaning and deduplication
2026-03-18 13:56:04 [INFO] Backup updated: output\business_leads_backup.csv (45 total records)
2026-03-18 13:56:04 [INFO] Google Sheets: skipped (no credentials.json found)
2026-03-18 13:56:04 [INFO] Tip: Add credentials.json to enable automatic Sheets upload
2026-03-18 13:56:04 [INFO] 
2026-03-18 13:56:04 [INFO] =======================================================
2026-03-18 13:56:04 [INFO]   DONE! 10 total records processed
2026-03-18 13:56:04 [INFO]   CSV: output\business_leads_backup.csv
2026-03-18 13:56:04 [INFO] =======================================================
2026-03-18 13:56:04 [INFO] 
2026-03-18 13:56:40 [INFO] 
2026-03-18 13:56:40 [INFO] =======================================================
2026-03-18 13:56:40 [INFO]   SCRAPING: Restaurants in Jaipur
2026-03-18 13:56:40 [INFO]   Time: 2026-03-18 13:56:40
2026-03-18 13:56:40 [INFO] =======================================================
2026-03-18 13:56:40 [INFO] Scraping started...
2026-03-18 13:56:40 [INFO] Target URL: https://www.justdial.com/Jaipur/Restaurants
2026-03-18 13:56:40 [INFO] --- Page 1/5: https://www.justdial.com/Jaipur/Restaurants ---
2026-03-18 13:56:41 [INFO] Launched firefox browser
2026-03-18 13:56:43 [INFO] Navigating to page...
2026-03-18 13:56:45 [INFO] Listings detected in DOM
2026-03-18 13:56:53 [INFO] Scroll 1/10: +10 new | 10 total
2026-03-18 13:56:55 [INFO] Scroll 2/10: +0 new | 10 total
2026-03-18 13:56:57 [INFO] Page height unchanged - reached end of content
2026-03-18 13:56:59 [INFO] Page 1: 10 records (total: 10)
2026-03-18 13:57:02 [INFO] --- Page 2/5: https://www.justdial.com/Jaipur/Restaurants/page-2 ---
2026-03-18 13:57:04 [INFO] Launched firefox browser
2026-03-18 13:57:05 [INFO] Navigating to page...
2026-03-18 13:57:07 [INFO] Listings detected in DOM
2026-03-18 13:57:15 [INFO] Scroll 1/10: +10 new | 10 total
2026-03-18 13:57:17 [INFO] Scroll 2/10: +0 new | 10 total
2026-03-18 13:57:19 [INFO] Page height unchanged - reached end of content
2026-03-18 13:57:20 [INFO] Page 2: 10 records (total: 20)
2026-03-18 13:57:25 [INFO] --- Page 3/5: https://www.justdial.com/Jaipur/Restaurants/page-3 ---
2026-03-18 13:57:26 [INFO] Launched firefox browser
2026-03-18 13:57:27 [INFO] Navigating to page...
2026-03-18 13:57:29 [INFO] Listings detected in DOM
2026-03-18 13:57:37 [INFO] Scroll 1/10: +10 new | 10 total
2026-03-18 13:57:39 [INFO] Scroll 2/10: +10 new | 20 total
2026-03-18 13:57:41 [INFO] Page height unchanged - reached end of content
2026-03-18 13:57:42 [INFO] Page 3: 20 records (total: 40)
2026-03-18 13:57:46 [INFO] --- Page 4/5: https://www.justdial.com/Jaipur/Restaurants/page-4 ---
2026-03-18 13:57:47 [INFO] Launched firefox browser
2026-03-18 13:57:48 [INFO] Navigating to page...
2026-03-18 13:57:50 [INFO] Listings detected in DOM
2026-03-18 13:57:58 [INFO] Scroll 1/10: +10 new | 10 total
2026-03-18 13:58:00 [INFO] Scroll 2/10: +0 new | 10 total
2026-03-18 13:58:03 [INFO] Page height unchanged - reached end of content
2026-03-18 13:58:03 [INFO] Page 4: 10 records (total: 50)
2026-03-18 13:58:07 [INFO] --- Page 5/5: https://www.justdial.com/Jaipur/Restaurants/page-5 ---
2026-03-18 13:58:08 [INFO] Launched firefox browser
2026-03-18 13:58:09 [INFO] Navigating to page...
2026-03-18 13:58:12 [INFO] Listings detected in DOM
2026-03-18 13:58:20 [INFO] Scroll 1/10: +10 new | 10 total
2026-03-18 13:58:22 [INFO] Scroll 2/10: +0 new | 10 total
2026-03-18 13:58:24 [INFO] Page height unchanged - reached end of content
2026-03-18 13:58:25 [INFO] Page 5: 10 records (total: 60)
2026-03-18 13:58:25 [INFO] Total scraped: 60 records across 5 pages
2026-03-18 13:58:25 [INFO] 60 raw records found
2026-03-18 13:58:25 [INFO] Cleaning and normalizing records...
2026-03-18 13:58:25 [INFO] Cleaning: 60 raw -> 60 with valid names
2026-03-18 13:58:25 [INFO] Removed 37 duplicate records (60 -> 23)
2026-03-18 13:58:25 [INFO] 23 records after cleaning and deduplication
2026-03-18 13:58:25 [INFO] Backup updated: output\business_leads_backup.csv (68 total records)
2026-03-18 13:58:25 [INFO] Google Sheets: skipped (no credentials.json found)
2026-03-18 13:58:25 [INFO] Tip: Add credentials.json to enable automatic Sheets upload
2026-03-18 13:58:25 [INFO] 
2026-03-18 13:58:25 [INFO] =======================================================
2026-03-18 13:58:25 [INFO]   DONE! 23 total records processed
2026-03-18 13:58:25 [INFO]   CSV: output\business_leads_backup.csv
2026-03-18 13:58:25 [INFO] =======================================================
2026-03-18 13:58:25 [INFO] 
